Copyright 1986-2018 Xilinx, Inc. All Rights Reserved.
---------------------------------------------------------------------------------------
| Tool Version : Vivado v.2018.2 (win64) Build 2258646 Thu Jun 14 20:03:12 MDT 2018
| Date         : Thu Apr 25 09:16:58 2019
| Host         : DESKTOP-D4VK0AO running 64-bit major release  (build 9200)
| Command      : report_control_sets -verbose -file Basys3_Top_control_sets_placed.rpt
| Design       : Basys3_Top
| Device       : xc7a35t
---------------------------------------------------------------------------------------

Control Set Information

Table of Contents
-----------------
1. Summary
2. Histogram
3. Flip-Flop Distribution
4. Detailed Control Set Information

1. Summary
----------

+----------------------------------------------------------+-------+
|                          Status                          | Count |
+----------------------------------------------------------+-------+
| Number of unique control sets                            |     8 |
| Unused register locations in slices containing registers |    12 |
+----------------------------------------------------------+-------+


2. Histogram
------------

+--------+--------------+
| Fanout | Control Sets |
+--------+--------------+
|    16+ |            8 |
+--------+--------------+


3. Flip-Flop Distribution
-------------------------

+--------------+-----------------------+------------------------+-----------------+--------------+
| Clock Enable | Synchronous Set/Reset | Asynchronous Set/Reset | Total Registers | Total Slices |
+--------------+-----------------------+------------------------+-----------------+--------------+
| No           | No                    | No                     |              64 |           13 |
| No           | No                    | Yes                    |             402 |           86 |
| No           | Yes                   | No                     |               0 |            0 |
| Yes          | No                    | No                     |               0 |            0 |
| Yes          | No                    | Yes                    |             482 |           97 |
| Yes          | Yes                   | No                     |               0 |            0 |
+--------------+-----------------------+------------------------+-----------------+--------------+


4. Detailed Control Set Information
-----------------------------------

+----------------+-----------------------------+------------------+------------------+----------------+
|  Clock Signal  |        Enable Signal        | Set/Reset Signal | Slice Load Count | Bel Load Count |
+----------------+-----------------------------+------------------+------------------+----------------+
|  clk_IBUF_BUFG | cpu/ex_mem/num_reg[15][0]   | reset_IBUF       |                4 |             32 |
|  n_0_911_BUFG  |                             |                  |               13 |             64 |
|  clk_IBUF_BUFG | cpu/ex_mem/led_reg[15]_2[0] | reset_IBUF       |               13 |             64 |
|  clk_IBUF_BUFG | cpu/id_ex/pc_reg[31][0]     | reset_IBUF       |               11 |             64 |
|  clk_IBUF_BUFG | cpu/id_ex/id_inst_reg[0][0] | reset_IBUF       |               19 |             98 |
|  clk_IBUF_BUFG | cpu/mem_wb/p_0_in__0        |                  |               12 |            192 |
|  clk_IBUF_BUFG | cpu/ex_mem/E[0]             | reset_IBUF       |               50 |            224 |
|  clk_IBUF_BUFG |                             | reset_IBUF       |               86 |            402 |
+----------------+-----------------------------+------------------+------------------+----------------+


